
> nx run shared-utils:test --watch=false

[33mΓ¥»[39m Building...
[32mΓ£ö[39m Building...
[37m[1mInitial chunk files[22m                   [2m | [22m[1mNames[22m                              [2m | [22m[1mRaw size[22m[39m
[37m[32mchunk-HK2BCGIE.js[39m[37m                     [2m | [22m[2m-[22m                                  [2m | [22m[36m14.76 kB[39m[37m[2m | [22m[39m
[37m[32mspec-lib-export-pdf-export.service.js[39m[37m [2m | [22m[2mspec-lib-export-pdf-export.service[22m [2m | [22m [36m6.30 kB[39m[37m[2m | [22m[39m
[37m[32mspec-lib-export-json-export.service.js[39m[37m[2m | [22m[2mspec-lib-export-json-export.service[22m[2m | [22m [36m4.98 kB[39m[37m[2m | [22m[39m
[37m[32mchunk-RSTWSNOR.js[39m[37m                     [2m | [22m[2m-[22m                                  [2m | [22m [36m4.75 kB[39m[37m[2m | [22m[39m
[37m[32mspec-lib-crypto-hash.service.js[39m[37m       [2m | [22m[2mspec-lib-crypto-hash.service[22m       [2m | [22m [36m4.65 kB[39m[37m[2m | [22m[39m
[37m[32mspec-lib-shared-utils-shared-utils.js[39m[37m [2m | [22m[2mspec-lib-shared-utils-shared-utils[22m [2m | [22m [36m1.83 kB[39m[37m[2m | [22m[39m
[37m[32minit-testbed.js[39m[37m                       [2m | [22m[2minit-testbed[22m                       [2m | [22m [36m1.21 kB[39m[37m[2m | [22m[39m
[37m[39m
[37m[1m [22m                                     [2m | [22m[1mInitial total[22m                      [2m | [22m[1m38.49 kB[22m[39m
[37m[39m
[37mApplication bundle generation complete. [2.575 seconds] - 2026-02-03T19:10:11.209Z[39m
[37m[39m
[1m[46m RUN [49m[22m [36mv4.0.18 [39m[90mE:/My Projects/Case book/casbook[39m
node.exe : [90mstderr[2m | libs/shared-utils/s
rc/lib/crypto/hash.service.spec.ts[2m > 
[22m[2mHashService[2m > [22m[2mshould 
produce a stable SHA-256 hex string for a file
At line:1 char:1
+ & "C:\Program Files\nodejs/node.exe" 
"C:\Program Files\nodejs/node_mo ...
+ ~~~~~~~~~~~~~~~~~~~~~~~~~~~~~~~~~~~~~~~~~~~~~~
~~~~~~~~~~~~~~~~~~~~~~~
    + CategoryInfo          : NotSpecified: ([ 
   90mstderr[2m...ring for a file:String) [],  
   RemoteException
    + FullyQualifiedErrorId : NativeCommandErro 
   r
 
[22m[39mForensic Hash Error: TypeError: 
file.arrayBuffer is not a function
    at _HashService.computeSHA256 (E:/My 
Projects/Case book/casbook/libs/shared-utils/src
/lib/crypto/hash.service.ts:29:39)
    at E:/My Projects/Case book/casbook/libs/sha
red-utils/src/lib/crypto/hash.service.spec.ts:59
:36
    at [90mfile:///E:/My%20Projects/Case%20book
/casbook/[39mnode_modules/[4m@vitest/runner[2
4m/dist/index.js:145:11
    at [90mfile:///E:/My%20Projects/Case%20book
/casbook/[39mnode_modules/[4m@vitest/runner[2
4m/dist/index.js:915:26
    at [90mfile:///E:/My%20Projects/Case%20book
/casbook/[39mnode_modules/[4m@vitest/runner[2
4m/dist/index.js:1243:20
    at new Promise (<anonymous>)
    at runWithTimeout [90m(file:///E:/My%20Proj
ects/Case%20book/casbook/[39mnode_modules/[4m@
vitest/runner[24m/dist/index.js:1209:10[90m)[
39m
    at [90mfile:///E:/My%20Projects/Case%20book
/casbook/[39mnode_modules/[4m@vitest/runner[2
4m/dist/index.js:1653:37
    at Traces.$ [90m(file:///E:/My%20Projects/C
ase%20book/casbook/[39mnode_modules/[4mvitest
[24m/dist/chunks/traces.CCmnQaNT.js:142:27[90m)
[39m
    at trace [90m(file:///E:/My%20Projects/Case
%20book/casbook/[39mnode_modules/[4mvitest[24
m/dist/chunks/test.B8ej_ZHS.js:239:21[90m)[39m
[90mstderr[2m | libs/shared-utils/src/lib/cryp
to/hash.service.spec.ts[2m > 
[22m[2mHashService[2m > [22m[2mshould 
produce different hashes for different content
[22m[39mForensic Hash Error: TypeError: 
file.arrayBuffer is not a function
    at _HashService.computeSHA256 (E:/My 
Projects/Case book/casbook/libs/shared-utils/src
/lib/crypto/hash.service.ts:29:39)
    at E:/My Projects/Case book/casbook/libs/sha
red-utils/src/lib/crypto/hash.service.spec.ts:74
:37
    at [90mfile:///E:/My%20Projects/Case%20book
/casbook/[39mnode_modules/[4m@vitest/runner[2
4m/dist/index.js:145:11
    at [90mfile:///E:/My%20Projects/Case%20book
/casbook/[39mnode_modules/[4m@vitest/runner[2
4m/dist/index.js:915:26
    at [90mfile:///E:/My%20Projects/Case%20book
/casbook/[39mnode_modules/[4m@vitest/runner[2
4m/dist/index.js:1243:20
    at new Promise (<anonymous>)
    at runWithTimeout [90m(file:///E:/My%20Proj
ects/Case%20book/casbook/[39mnode_modules/[4m@
vitest/runner[24m/dist/index.js:1209:10[90m)[
39m
    at [90mfile:///E:/My%20Projects/Case%20book
/casbook/[39mnode_modules/[4m@vitest/runner[2
4m/dist/index.js:1653:37
    at Traces.$ [90m(file:///E:/My%20Projects/C
ase%20book/casbook/[39mnode_modules/[4mvitest
[24m/dist/chunks/traces.CCmnQaNT.js:142:27[90m)
[39m
    at trace [90m(file:///E:/My%20Projects/Case
%20book/casbook/[39mnode_modules/[4mvitest[24
m/dist/chunks/test.B8ej_ZHS.js:239:21[90m)[39m
[90mstderr[2m | libs/shared-utils/src/lib/cryp
to/hash.service.spec.ts[2m > 
[22m[2mHashService[2m > [22m[2mshould 
throw error for empty file
[22m[39mForensic Hash Error: Error: Invalid 
file: File is empty or missing.
    at _HashService.computeSHA256 (E:/My 
Projects/Case book/casbook/libs/shared-utils/src
/lib/crypto/hash.service.ts:25:23)
    at E:/My Projects/Case book/casbook/libs/sha
red-utils/src/lib/crypto/hash.service.spec.ts:82
:30
    at [90mfile:///E:/My%20Projects/Case%20book
/casbook/[39mnode_modules/[4m@vitest/runner[2
4m/dist/index.js:145:11
    at [90mfile:///E:/My%20Projects/Case%20book
/casbook/[39mnode_modules/[4m@vitest/runner[2
4m/dist/index.js:915:26
    at [90mfile:///E:/My%20Projects/Case%20book
/casbook/[39mnode_modules/[4m@vitest/runner[2
4m/dist/index.js:1243:20
    at new Promise (<anonymous>)
    at runWithTimeout [90m(file:///E:/My%20Proj
ects/Case%20book/casbook/[39mnode_modules/[4m@
vitest/runner[24m/dist/index.js:1209:10[90m)[
39m
    at [90mfile:///E:/My%20Projects/Case%20book
/casbook/[39mnode_modules/[4m@vitest/runner[2
4m/dist/index.js:1653:37
    at Traces.$ [90m(file:///E:/My%20Projects/C
ase%20book/casbook/[39mnode_modules/[4mvitest
[24m/dist/chunks/traces.CCmnQaNT.js:142:27[90m)
[39m
    at trace [90m(file:///E:/My%20Projects/Case
%20book/casbook/[39mnode_modules/[4mvitest[24
m/dist/chunks/test.B8ej_ZHS.js:239:21[90m)[39m
[90mstderr[2m | libs/shared-utils/src/lib/cryp
to/hash.service.spec.ts[2m > 
[22m[2mHashService[2m > [22m[2mshould be 
deterministic (known hash test)
[22m[39mForensic Hash Error: TypeError: 
file.arrayBuffer is not a function
    at _HashService.computeSHA256 (E:/My 
Projects/Case book/casbook/libs/shared-utils/src
/lib/crypto/hash.service.ts:29:39)
    at E:/My Projects/Case book/casbook/libs/sha
red-utils/src/lib/crypto/hash.service.spec.ts:88
:36
    at [90mfile:///E:/My%20Projects/Case%20book
/casbook/[39mnode_modules/[4m@vitest/runner[2
4m/dist/index.js:145:11
    at [90mfile:///E:/My%20Projects/Case%20book
/casbook/[39mnode_modules/[4m@vitest/runner[2
4m/dist/index.js:915:26
    at [90mfile:///E:/My%20Projects/Case%20book
/casbook/[39mnode_modules/[4m@vitest/runner[2
4m/dist/index.js:1243:20
    at new Promise (<anonymous>)
    at runWithTimeout [90m(file:///E:/My%20Proj
ects/Case%20book/casbook/[39mnode_modules/[4m@
vitest/runner[24m/dist/index.js:1209:10[90m)[
39m
    at [90mfile:///E:/My%20Projects/Case%20book
/casbook/[39mnode_modules/[4m@vitest/runner[2
4m/dist/index.js:1653:37
    at Traces.$ [90m(file:///E:/My%20Projects/C
ase%20book/casbook/[39mnode_modules/[4mvitest
[24m/dist/chunks/traces.CCmnQaNT.js:142:27[90m)
[39m
    at trace [90m(file:///E:/My%20Projects/Case
%20book/casbook/[39mnode_modules/[4mvitest[24
m/dist/chunks/test.B8ej_ZHS.js:239:21[90m)[39m
 [31mΓ¥»[39m [30m[45m shared-utils [49m[39m libs/shared-utils/src/lib/crypto/hash.service.spec.ts [2m([22m[2m5 tests[22m[2m | [22m[31m3 failed[39m[2m)[22m[32m 41[2mms[22m[39m
     [32mΓ£ô[39m should be created[32m 19[2mms[22m[39m
[31m     [31m├ù[31m should produce a stable SHA-256 hex string for a file[39m[32m 9[2mms[22m[39m
[31m     [31m├ù[31m should produce different hashes for different content[39m[32m 4[2mms[22m[39m
     [32mΓ£ô[39m should throw error for empty file[32m 5[2mms[22m[39m
[31m     [31m├ù[31m should be deterministic (known hash test)[39m[32m 3[2mms[22m[39m
 [32mΓ£ô[39m [30m[45m shared-utils [49m[39m libs/shared-utils/src/lib/export/json-export.service.spec.ts [2m([22m[2m4 tests[22m[2m)[22m[32m 14[2mms[22m[39m
 [32mΓ£ô[39m [30m[45m shared-utils [49m[39m libs/shared-utils/src/lib/shared-utils/shared-utils.spec.ts [2m([22m[2m1 test[22m[2m)[22m[32m 48[2mms[22m[39m
 [32mΓ£ô[39m [30m[45m shared-utils [49m[39m libs/shared-utils/src/lib/export/pdf-export.service.spec.ts [2m([22m[2m3 tests[22m[2m)[22m[32m 75[2mms[22m[39m
[31mΓÄ»ΓÄ»ΓÄ»ΓÄ»ΓÄ»ΓÄ»ΓÄ»[39m[1m[41m Failed 
Tests 3 
[49m[22m[31mΓÄ»ΓÄ»ΓÄ»ΓÄ»ΓÄ»ΓÄ»ΓÄ»[39m
[41m[1m FAIL [22m[49m [30m[45m 
shared-utils [49m[39m libs/shared-utils/src/li
b/crypto/hash.service.spec.ts[2m > 
[22mHashService[2m > [22mshould produce a 
stable SHA-256 hex string for a file
[31m[1mError[22m: Failed to compute forensic 
hash: file.arrayBuffer is not a function[39m
[90m [2mΓ¥»[22m _HashService.computeSHA256 li
bs/shared-utils/src/lib/crypto/hash.service.ts:
[2m38:19[22m[39m
[36m [2mΓ¥»[22m libs/shared-utils/src/lib/cry
pto/hash.service.spec.ts:[2m59:36[22m[39m
    [90m 57| [39m        const file = new 
File([content], 'test.txt', { type: 'text/plaΓÇª
    [90m 58| [39m
    [90m 59| [39m        [35mconst[39m hash 
[33m=[39m [35mawait[39m service[33m.[39m[
34mcomputeSHA256[39m(file)[33m;[39m
    [90m   | [39m                             
      [31m^[39m
    [90m 60| [39m
    [90m 61| [39m        [34mexpect[39m(hash
)[33m.[39m[34mtoBeDefined[39m()[33m;[39m
[31m[2mΓÄ»ΓÄ»ΓÄ»ΓÄ»ΓÄ»ΓÄ»ΓÄ»ΓÄ»ΓÄ»ΓÄ»ΓÄ»ΓÄ»ΓÄ»
ΓÄ»ΓÄ»ΓÄ»ΓÄ»ΓÄ»ΓÄ»ΓÄ»ΓÄ»ΓÄ»ΓÄ»ΓÄ»[1/3]ΓÄ»[22m[
39m
[41m[1m FAIL [22m[49m [30m[45m 
shared-utils [49m[39m libs/shared-utils/src/li
b/crypto/hash.service.spec.ts[2m > 
[22mHashService[2m > [22mshould produce 
different hashes for different content
[31m[1mError[22m: Failed to compute forensic 
hash: file.arrayBuffer is not a function[39m
[90m [2mΓ¥»[22m _HashService.computeSHA256 li
bs/shared-utils/src/lib/crypto/hash.service.ts:
[2m38:19[22m[39m
[36m [2mΓ¥»[22m libs/shared-utils/src/lib/cry
pto/hash.service.spec.ts:[2m74:37[22m[39m
    [90m 72| [39m        [35mconst[39m 
file2 [33m=[39m [35mnew[39m 
[33mFile[39m([[32m'content 
2'[39m][33m,[39m 
[32m'file2.txt'[39m)[33m;[39m
    [90m 73| [39m
    [90m 74| [39m        [35mconst[39m 
hash1 [33m=[39m [35mawait[39m service[33m.
[39m[34mcomputeSHA256[39m(file1)[33m;[39m
    [90m   | [39m                             
       [31m^[39m
    [90m 75| [39m        [35mconst[39m 
hash2 [33m=[39m [35mawait[39m service[33m.
[39m[34mcomputeSHA256[39m(file2)[33m;[39m
    [90m 76| [39m
[31m[2mΓÄ»ΓÄ»ΓÄ»ΓÄ»ΓÄ»ΓÄ»ΓÄ»ΓÄ»ΓÄ»ΓÄ»ΓÄ»ΓÄ»ΓÄ»
ΓÄ»ΓÄ»ΓÄ»ΓÄ»ΓÄ»ΓÄ»ΓÄ»ΓÄ»ΓÄ»ΓÄ»ΓÄ»[2/3]ΓÄ»[22m[
39m
[41m[1m FAIL [22m[49m [30m[45m 
shared-utils [49m[39m libs/shared-utils/src/li
b/crypto/hash.service.spec.ts[2m > 
[22mHashService[2m > [22mshould be 
deterministic (known hash test)
[31m[1mError[22m: Failed to compute forensic 
hash: file.arrayBuffer is not a function[39m
[90m [2mΓ¥»[22m _HashService.computeSHA256 li
bs/shared-utils/src/lib/crypto/hash.service.ts:
[2m38:19[22m[39m
[36m [2mΓ¥»[22m libs/shared-utils/src/lib/cry
pto/hash.service.spec.ts:[2m88:36[22m[39m
    [90m 86| [39m        // "abc" SHA-256: 
ba7816bf8f01cfea414140de5dae2223b00361a39617ΓÇª
    [90m 87| [39m        [35mconst[39m file 
[33m=[39m [35mnew[39m 
[33mFile[39m([[32m'abc'[39m][33m,[39m 
[32m'abc.txt'[39m)[33m;[39m
    [90m 88| [39m        [35mconst[39m hash 
[33m=[39m [35mawait[39m service[33m.[39m[
34mcomputeSHA256[39m(file)[33m;[39m
    [90m   | [39m                             
      [31m^[39m
    [90m 89| [39m        expect(hash).toBe('ba
7816bf8f01cfea414140de5dae2223b00361a3961ΓÇª
    [90m 90| [39m    })[33m;[39m
[31m[2mΓÄ»ΓÄ»ΓÄ»ΓÄ»ΓÄ»ΓÄ»ΓÄ»ΓÄ»ΓÄ»ΓÄ»ΓÄ»ΓÄ»ΓÄ»
ΓÄ»ΓÄ»ΓÄ»ΓÄ»ΓÄ»ΓÄ»ΓÄ»ΓÄ»ΓÄ»ΓÄ»ΓÄ»[3/3]ΓÄ»[22m[
39m
[2m Test Files [22m [1m[31m1 failed[39m[22m[2m | [22m[1m[32m3 passed[39m[22m[90m (4)[39m
[2m      Tests [22m [1m[31m3 failed[39m[22m[2m | [22m[1m[32m10 passed[39m[22m[90m (13)[39m
[2m   Start at [22m 00:40:12
[2m   Duration [22m 2.56s[2m (transform 223ms, setup 1.77s, import 312ms, tests 178ms, environment 5.71s)[22m



 NX   Running target test for project shared-utils failed

Failed tasks:

- shared-utils:test

Hint: run the command with --verbose for more details.

